SCAD producer execution
=======================

Capability: scad.verify
Action: verify
Source revision: 729195778678c06e583dbc6623211e2984b83eb1
Owner: brainboxemb/tool.scad-project
Owner revision: 78e26949c6f2397ed90bb7888c1386d3dd423312
tool.scad-project version: 0.15.0
Status: success

Domain evidence: ../../domain/last-verification-build.json

Decision report kind: verification
Build engine: scons
Targets: 6
Outcomes: BUILT=6, CACHE_RESTORED=0, CURRENT=0, ERROR=0

Target decisions:
- BUILT: vrf/out/png/01-sliding-dovetail-fit.png
- BUILT: vrf/out/png/02-sliding-dovetail-approach.png
- BUILT: vrf/out/png/03-sliding-dovetail-yz-section.png
- BUILT: vrf/out/png/04-sliding-dovetail-entry-slot.png
- BUILT: vrf/out/png/10-sliding-dovetail-lock-section.png
- BUILT: vrf/out/png/11-sliding-dovetail-lock-entry-slot-spring.png
